// Jest Snapshot v1, https://goo.gl/fbAQLP

exports[`render mainpage 1`] = `ShallowWrapper {}`;
